/Users/samuel/STM32CubeIDE/W5300-TOE-C-main/Projects/NUCLEO-F207ZG/Core/Src/main.c:69:1:__io_putchar	16	static
/Users/samuel/STM32CubeIDE/W5300-TOE-C-main/Projects/NUCLEO-F207ZG/Core/Src/main.c:88:5:main	40	static
/Users/samuel/STM32CubeIDE/W5300-TOE-C-main/Projects/NUCLEO-F207ZG/Core/Src/main.c:176:6:SystemClock_Config	80	static
/Users/samuel/STM32CubeIDE/W5300-TOE-C-main/Projects/NUCLEO-F207ZG/Core/Src/main.c:218:13:MX_USART3_UART_Init	8	static
/Users/samuel/STM32CubeIDE/W5300-TOE-C-main/Projects/NUCLEO-F207ZG/Core/Src/main.c:251:13:MX_GPIO_Init	56	static
/Users/samuel/STM32CubeIDE/W5300-TOE-C-main/Projects/NUCLEO-F207ZG/Core/Src/main.c:288:13:MX_FSMC_Init	40	static
/Users/samuel/STM32CubeIDE/W5300-TOE-C-main/Projects/NUCLEO-F207ZG/Core/Src/main.c:359:6:Error_Handler	4	static,ignoring_inline_asm
