/Users/samuel/STM32CubeIDE/W5300-TOE-C-main/Projects/NUCLEO-F207ZG/Core/Src/stm32f2xx_hal_msp.c:63:6:HAL_MspInit	16	static
/Users/samuel/STM32CubeIDE/W5300-TOE-C-main/Projects/NUCLEO-F207ZG/Core/Src/stm32f2xx_hal_msp.c:85:6:HAL_UART_MspInit	48	static
/Users/samuel/STM32CubeIDE/W5300-TOE-C-main/Projects/NUCLEO-F207ZG/Core/Src/stm32f2xx_hal_msp.c:121:6:HAL_UART_MspDeInit	16	static
/Users/samuel/STM32CubeIDE/W5300-TOE-C-main/Projects/NUCLEO-F207ZG/Core/Src/stm32f2xx_hal_msp.c:146:13:HAL_FSMC_MspInit	32	static
/Users/samuel/STM32CubeIDE/W5300-TOE-C-main/Projects/NUCLEO-F207ZG/Core/Src/stm32f2xx_hal_msp.c:222:6:HAL_SRAM_MspInit	16	static
/Users/samuel/STM32CubeIDE/W5300-TOE-C-main/Projects/NUCLEO-F207ZG/Core/Src/stm32f2xx_hal_msp.c:234:13:HAL_FSMC_MspDeInit	8	static
/Users/samuel/STM32CubeIDE/W5300-TOE-C-main/Projects/NUCLEO-F207ZG/Core/Src/stm32f2xx_hal_msp.c:293:6:HAL_SRAM_MspDeInit	16	static
