/Users/samuel/STM32CubeIDE/W5300-TOE-C-main/Projects/NUCLEO-F767ZI/Core/Src/main.c:70:1:__io_putchar	16	static
/Users/samuel/STM32CubeIDE/W5300-TOE-C-main/Projects/NUCLEO-F767ZI/Core/Src/main.c:89:5:main	40	static
/Users/samuel/STM32CubeIDE/W5300-TOE-C-main/Projects/NUCLEO-F767ZI/Core/Src/main.c:177:6:SystemClock_Config	88	static
/Users/samuel/STM32CubeIDE/W5300-TOE-C-main/Projects/NUCLEO-F767ZI/Core/Src/main.c:235:13:MX_USART3_UART_Init	8	static
/Users/samuel/STM32CubeIDE/W5300-TOE-C-main/Projects/NUCLEO-F767ZI/Core/Src/main.c:266:13:MX_FMC_Init	40	static
/Users/samuel/STM32CubeIDE/W5300-TOE-C-main/Projects/NUCLEO-F767ZI/Core/Src/main.c:336:13:MX_GPIO_Init	56	static
/Users/samuel/STM32CubeIDE/W5300-TOE-C-main/Projects/NUCLEO-F767ZI/Core/Src/main.c:380:6:Error_Handler	4	static,ignoring_inline_asm
