/Users/samuel/STM32CubeIDE/W5300-TOE-C-main/Projects/NUCLEO-F756ZG/Core/Src/stm32f7xx_hal_msp.c:63:6:HAL_MspInit	16	static
/Users/samuel/STM32CubeIDE/W5300-TOE-C-main/Projects/NUCLEO-F756ZG/Core/Src/stm32f7xx_hal_msp.c:85:6:HAL_UART_MspInit	176	static
/Users/samuel/STM32CubeIDE/W5300-TOE-C-main/Projects/NUCLEO-F756ZG/Core/Src/stm32f7xx_hal_msp.c:132:6:HAL_UART_MspDeInit	16	static
/Users/samuel/STM32CubeIDE/W5300-TOE-C-main/Projects/NUCLEO-F756ZG/Core/Src/stm32f7xx_hal_msp.c:157:13:HAL_FMC_MspInit	32	static
/Users/samuel/STM32CubeIDE/W5300-TOE-C-main/Projects/NUCLEO-F756ZG/Core/Src/stm32f7xx_hal_msp.c:233:6:HAL_SRAM_MspInit	16	static
/Users/samuel/STM32CubeIDE/W5300-TOE-C-main/Projects/NUCLEO-F756ZG/Core/Src/stm32f7xx_hal_msp.c:245:13:HAL_FMC_MspDeInit	8	static
/Users/samuel/STM32CubeIDE/W5300-TOE-C-main/Projects/NUCLEO-F756ZG/Core/Src/stm32f7xx_hal_msp.c:304:6:HAL_SRAM_MspDeInit	16	static
