../Core/Src/main.c:73:6:delay	16	static
../Core/Src/main.c:81:6:stepper1_set_rpm	16	static
../Core/Src/main.c:87:6:stepper1_half_drive	16	static
../Core/Src/main.c:149:6:stepper1_step_angle	48	static
../Core/Src/main.c:177:6:stepper2_set_rpm	16	static
../Core/Src/main.c:183:6:stepper2_half_drive	16	static
../Core/Src/main.c:245:6:stepper2_step_angle	48	static
../Core/Src/main.c:283:5:main	8	static
../Core/Src/main.c:455:6:SystemClock_Config	88	static
../Core/Src/main.c:512:13:MX_TIM1_Init	40	static
../Core/Src/main.c:559:13:MX_USART3_UART_Init	8	static
../Core/Src/main.c:594:13:MX_USB_OTG_FS_PCD_Init	8	static
../Core/Src/main.c:629:13:MX_GPIO_Init	64	static
../Core/Src/main.c:756:6:Error_Handler	4	static,ignoring_inline_asm
